simulation ParGaMD root is /home/sontisid/ParGaMD_MP/ParGaMD
Updating system with the options from the configuration file
Creating HDF5 file '/home/sontisid/ParGaMD_MP/ParGaMD/west.h5'
0 target state(s) present
Calculating progress coordinate values for basis states.
1 basis state(s) present
Calculating progress coordinate values for start states.
0 start state(s) present
Preparing initial states

        Total bins:            1
        Initial replicas:      24 in 1 bins, total weight = 1
        Total target replicas: 24
        
1-prob: -2.2204e-16
Simulation prepared.
1 of 1 (100.000000%) active bins are populated
per-bin minimum non-zero probability:       1
per-bin maximum probability:                1
per-bin probability dynamic range (kT):     0
per-segment minimum non-zero probability:   0.04
per-segment maximum non-zero probability:   0.08
per-segment probability dynamic range (kT): 0.693147
norm = 1, error in norm = 0 (0*epsilon)
init.sh ran
simulation ParGaMD root is /home/sontisid/ParGaMD_MP/ParGaMD
 *)
 *)
 ;;
 ;;
 ;;
 ;;
 ;;
 ;;
 ;;
 ;;
}
}
}
AMBERHOME=/software/amber/22/ucdhpc-20.04
AWK=/usr/bin/awk
BASH=/bin/bash
BASH_ENV=/software/modules/4.6.1/ucdhpc-20.04//init/bash
BASH_FUNC_ml%%=() {  module ml "$@"
BASH_FUNC__module_raw%%=() {  unset _mlshdbg;
BASH_FUNC_module%%=() {  unset _mlshdbg;
 case "$-" in 
 case "$-" in 
CAT=/bin/cat
_CE_CONDA=
_CE_M=
CONDA_DEFAULT_ENV=westpa-2.0
CONDA_EXE=/share/software/conda3/4.13.0/bin/conda
CONDA_MOD_ROOT=/software/conda3/4.X/
CONDA_PREFIX=/home/sontisid/.conda/envs/westpa-2.0
CONDA_PROMPT_MODIFIER=(westpa-2.0) 
CONDA_PYTHON_EXE=/share/software/conda3/4.13.0/bin/python
CONDA_SHLVL=1
CPATH_modshare=/software/openmpi/4.1.5/ucdhpc-20.04/include:1:/software/cuda/11.8.0/ucdhpc-20.04/include:1
CPATH=/software/openmpi/4.1.5/ucdhpc-20.04/include:/software/cuda/11.8.0/ucdhpc-20.04/include
CP=/bin/cp
CPPTRAJ=/software/amber/22/ucdhpc-20.04/bin/cpptraj
CUDA_HOME=/software/cuda/11.8.0/ucdhpc-20.04
CUDA_VISIBLE_DEVICES=0
CUT=/usr/bin/cut
DATE=/bin/date
 do
 do
 done;
 done;
ECHO=/bin/echo
 else
 else
 else
 else
ENVIRONMENT=BATCH
ENV=/software/modules/4.6.1/ucdhpc-20.04//init/profile.sh
 esac;
 esac;
 eval `eval ${_mlre} /usr/bin/tclsh /software/modules/4.6.1/ucdhpc-20.04/libexec/modulecmd.tcl bash '"$@"'`;
 eval `eval ${_mlre} /usr/bin/tclsh /software/modules/4.6.1/ucdhpc-20.04/libexec/modulecmd.tcl bash '"$@"'`;
 eval `/usr/bin/tclsh /software/modules/4.6.1/ucdhpc-20.04/libexec/modulecmd.tcl bash "$@"`;
 eval `/usr/bin/tclsh /software/modules/4.6.1/ucdhpc-20.04/libexec/modulecmd.tcl bash "$@"`;
 fi;
 fi;
 fi;
 fi;
 fi;
 fi;
 fi;
 fi;
 fi;
 fi;
 fi;
 fi;
 fi;
 fi;
 for _mlv in ${MODULES_RUN_QUARANTINE:-};
 for _mlv in ${MODULES_RUN_QUARANTINE:-};
GPU_DEVICE_ORDINAL=0
GREP=/bin/grep
HEAD=/usr/bin/head
HOME=/home/sontisid
HOSTNAME=sapphire-1
 if [ "${_mlv}" = "${_mlv##*[!A-Za-z0-9_]}" -a "${_mlv}" = "${_mlv#[0-9]}" ]; then
 if [ "${_mlv}" = "${_mlv##*[!A-Za-z0-9_]}" -a "${_mlv}" = "${_mlv#[0-9]}" ]; then
 if [ "${MODULES_SILENT_SHELL_DEBUG:-0}" = '1' ]; then
 if [ "${MODULES_SILENT_SHELL_DEBUG:-0}" = '1' ]; then
IFCONFIG=/bin/ifconfig
 if [ -n "${IFS+x}" ]; then
 if [ -n "${IFS+x}" ]; then
 if [ -n "${_mlIFS+x}" ]; then
 if [ -n "${_mlIFS+x}" ]; then
 if [ -n "${_mlre:-}" ]; then
 if [ -n "${_mlre:-}" ]; then
 if [ -n "${_mlshdbg:-}" ]; then
 if [ -n "${_mlshdbg:-}" ]; then
 if [ -n "`eval 'echo ${'$_mlv'+x}'`" ]; then
 if [ -n "`eval 'echo ${'$_mlv'+x}'`" ]; then
 IFS=' ';
 IFS=' ';
 IFS=$_mlIFS;
 IFS=$_mlIFS;
LANG=en_US.UTF-8
LD_LIBRARY_PATH_modshare=/software/ucx/1.14.1/ucdhpc-20.04/lib:1:/software/libevent/2.1.12-stable/ucdhpc-20.04/lib:1:/software/hwloc/2.9.3/ucdhpc-20.04/lib:1:/software/cuda/11.8.0/ucdhpc-20.04/lib64/stubs:1:/software/cuda/11.8.0/ucdhpc-20.04/lib64:1:/software/openmpi/4.1.5/ucdhpc-20.04/lib:1:/software/pmix/4.2.6/ucdhpc-20.04/lib:1
LD_LIBRARY_PATH=/software/amber/22/ucdhpc-20.04/lib:/software/amber/22/ucdhpc-20.04/lib:/software/openmpi/4.1.5/ucdhpc-20.04/lib:/software/pmix/4.2.6/ucdhpc-20.04/lib:/software/ucx/1.14.1/ucdhpc-20.04/lib:/software/libevent/2.1.12-stable/ucdhpc-20.04/lib:/software/hwloc/2.9.3/ucdhpc-20.04/lib:/software/cuda/11.8.0/ucdhpc-20.04/lib64/stubs:/software/cuda/11.8.0/ucdhpc-20.04/lib64
_LMFILES__modshare=/software/modules/4.6.1/ucdhpc-20.04/modulefiles/cuda/11.8.0:1:/software/modules/4.6.1/ucdhpc-20.04/modulefiles/hwloc/2.9.3:1:/software/modules/4.6.1/ucdhpc-20.04/modulefiles/libevent/2.1.12-stable:1:/software/modules/4.6.1/ucdhpc-20.04/modulefiles/ucx/1.14.1:1:/software/modules/4.6.1/ucdhpc-20.04/modulefiles/amber/22:1:/software/modules/4.6.1/ucdhpc-20.04/modulefiles/slurm/23.02.7:1:/software/modules/4.6.1/ucdhpc-20.04/modulefiles/conda3/4.X:1:/software/modules/4.6.1/ucdhpc-20.04/modulefiles/pmix/4.2.6:1:/software/modules/4.6.1/ucdhpc-20.04/modulefiles/openmpi/4.1.5:1
_LMFILES_=/software/modules/4.6.1/ucdhpc-20.04/modulefiles/cuda/11.8.0:/software/modules/4.6.1/ucdhpc-20.04/modulefiles/slurm/23.02.7:/software/modules/4.6.1/ucdhpc-20.04/modulefiles/hwloc/2.9.3:/software/modules/4.6.1/ucdhpc-20.04/modulefiles/libevent/2.1.12-stable:/software/modules/4.6.1/ucdhpc-20.04/modulefiles/ucx/1.14.1:/software/modules/4.6.1/ucdhpc-20.04/modulefiles/pmix/4.2.6:/software/modules/4.6.1/ucdhpc-20.04/modulefiles/openmpi/4.1.5:/software/modules/4.6.1/ucdhpc-20.04/modulefiles/amber/22:/software/modules/4.6.1/ucdhpc-20.04/modulefiles/conda3/4.X
LN=/bin/ln
LOADEDMODULES=cuda/11.8.0:slurm/23.02.7:hwloc/2.9.3:libevent/2.1.12-stable:ucx/1.14.1:pmix/4.2.6:openmpi/4.1.5:amber/22:conda3/4.X
LOADEDMODULES_modshare=slurm/23.02.7:1:conda3/4.X:1:pmix/4.2.6:1:openmpi/4.1.5:1:cuda/11.8.0:1:hwloc/2.9.3:1:libevent/2.1.12-stable:1:ucx/1.14.1:1:amber/22:1
LOGNAME=sontisid
MANPATH_modshare=:1:/software/slurm/23.02.7/ucdhpc-20.04/share/man:1:/software/openmpi/4.1.5/ucdhpc-20.04/share/man:1:/software/conda3/4.X/share/man:1:/opt/puppetlabs/puppet/share/man:1
MANPATH=/software/conda3/4.X/share/man:/software/openmpi/4.1.5/ucdhpc-20.04/share/man:/software/slurm/23.02.7/ucdhpc-20.04/share/man:::/opt/puppetlabs/puppet/share/man
MKDIR=/bin/mkdir
 _mlIFS=$IFS;
 _mlIFS=$IFS;
 _mlre="${_mlre:-}${_mlv}='`eval 'echo ${'$_mlrv':-}'`' ";
 _mlre="${_mlre:-}${_mlv}='`eval 'echo ${'$_mlrv':-}'`' ";
 _mlre="${_mlre:-}${_mlv}_modquar='`eval 'echo ${'$_mlv'}'`' ";
 _mlre="${_mlre:-}${_mlv}_modquar='`eval 'echo ${'$_mlv'}'`' ";
 _mlrv="MODULES_RUNENV_${_mlv}";
 _mlrv="MODULES_RUNENV_${_mlv}";
 _mlshdbg=''
 _mlshdbg=''
 _mlshdbg='v'
 _mlshdbg='v'
 _mlshdbg='vx'
 _mlshdbg='vx'
 _mlshdbg='x'
 _mlshdbg='x'
 _mlstatus=$?;
 _mlstatus=$?;
MODULEPATH_modshare=/software/modules/4.6.1/ucdhpc-20.04/modulefiles:1
MODULEPATH=/software/modules/4.6.1/ucdhpc-20.04/modulefiles
MODULES_CMD=/software/modules/4.6.1/ucdhpc-20.04/libexec/modulecmd.tcl
MODULESHOME=/software/modules/4.6.1/ucdhpc-20.04/
MODULES_LMALTNAME_modshare=openmpi/4.1.5&openmpi/default&openmpi:1:slurm/23.02.7&slurm/default&slurm:1
MODULES_LMALTNAME=slurm/23.02.7&slurm/default&slurm:openmpi/4.1.5&openmpi/default&openmpi
MODULES_LMCONFLICT_modshare=openmpi/4.1.5&openmpi:1
MODULES_LMCONFLICT=openmpi/4.1.5&openmpi
MODULES_LMNOTUASKED=cuda/11.8.0:hwloc/2.9.3:libevent/2.1.12-stable:ucx/1.14.1:pmix/4.2.6
MODULES_LMNOTUASKED_modshare=pmix/4.2.6:1:cuda/11.8.0:1:hwloc/2.9.3:1:libevent/2.1.12-stable:1:ucx/1.14.1:1
MODULES_LMPREREQ_modshare=slurm/23.02.7&cuda/11.8.0:1:openmpi/4.1.5&hwloc/2.9.3&libevent/2.1.12-stable&ucx/1.14.1&pmix/4.2.6:1:amber/22&cuda/11.8.0:1
MODULES_LMPREREQ=slurm/23.02.7&cuda/11.8.0:openmpi/4.1.5&hwloc/2.9.3&libevent/2.1.12-stable&ucx/1.14.1&pmix/4.2.6:amber/22&cuda/11.8.0
MODULES_LMSOURCESH=conda3/4.X&bash /software/conda3/4.X//shell-setup.bash|set-function __conda_activate {}|set-function __conda_exe {}|set-function __conda_hashr {}|set-function __conda_reactivate {}|set-function conda {}|setenv _CE_CONDA {}|setenv _CE_M {}|setenv CONDA_EXE /share/software/conda3/4.13.0/bin/conda|setenv CONDA_PYTHON_EXE /share/software/conda3/4.13.0/bin/python|setenv CONDA_SHLVL 0
MODULES_LMSOURCESH_modshare=conda3/4.X&bash /software/conda3/4.X//shell-setup.bash|set-function __conda_activate {}|set-function __conda_exe {}|set-function __conda_hashr {}|set-function __conda_reactivate {}|set-function conda {}|setenv _CE_CONDA {}|setenv _CE_M {}|setenv CONDA_EXE /share/software/conda3/4.13.0/bin/conda|setenv CONDA_PYTHON_EXE /share/software/conda3/4.13.0/bin/python|setenv CONDA_SHLVL 0:1
MOTD_SHOWN=pam
MPI_ROOT=/software/openmpi/4.1.5/ucdhpc-20.04
NODELOC=/home/sontisid/ParGaMD_MP/ParGaMD
OLDPWD=/home/sontisid/ParGaMD_MP/ParGaMD
OPENMPI_HOME=/software/openmpi/4.1.5/ucdhpc-20.04
OPENMPI_ROOT=/software/openmpi/4.1.5/ucdhpc-20.04
OPENMPI_VERSION=4.1.5
PASTE=/usr/bin/paste
PATH_modshare=/usr/bin:1:/software/amber/22/ucdhpc-20.04/bin:1:/software/cuda/11.8.0/ucdhpc-20.04/bin:1:/usr/local/bin:1:/software/slurm/23.02.7/ucdhpc-20.04/bin:1:/software/openmpi/4.1.5/ucdhpc-20.04/bin:1:/software/hwloc/2.9.3/ucdhpc-20.04/bin:1:/software/modules/4.6.1/ucdhpc-20.04//bin:1:/software/conda3/4.X/condabin:1:/software/slurm/23.02.7/ucdhpc-20.04/sbin:1:/bin:1:/opt/puppetlabs/bin:1:/snap/bin:1:/software/conda3/4.X/bin:1:/sbin:1:/usr/sbin:1:/usr/games:1:/usr/local/sbin:1:/usr/local/games:1
PATH=/software/amber/22/ucdhpc-20.04/bin:/home/sontisid/.conda/envs/westpa-2.0/bin:/software/conda3/4.X/condabin:/software/conda3/4.X/bin:/software/amber/22/ucdhpc-20.04/bin:/software/openmpi/4.1.5/ucdhpc-20.04/bin:/software/hwloc/2.9.3/ucdhpc-20.04/bin:/software/slurm/23.02.7/ucdhpc-20.04/sbin:/software/slurm/23.02.7/ucdhpc-20.04/bin:/software/cuda/11.8.0/ucdhpc-20.04/bin:/software/modules/4.6.1/ucdhpc-20.04/bin:/usr/local/sbin:/usr/local/bin:/usr/sbin:/usr/bin:/sbin:/bin:/usr/games:/usr/local/games:/snap/bin:/opt/puppetlabs/bin:/home/sontisid/bin
PERL5LIB=/software/amber/22/ucdhpc-20.04/lib/perl:/software/amber/22/ucdhpc-20.04/lib/perl
PERL=/usr/bin/perl
PMEMD=/software/amber/22/ucdhpc-20.04/bin/pmemd.cuda
PWD=/home/sontisid/ParGaMD_MP/ParGaMD
PYTHONPATH=/software/amber/22/ucdhpc-20.04/lib/python3.11/site-packages:/software/amber/22/ucdhpc-20.04/lib/python3.11/site-packages
QUICK_BASIS=/software/amber/22/ucdhpc-20.04/AmberTools/src/quick/basis
 return $_mlstatus
 return $_mlstatus
RM=/bin/rm
ROCR_VISIBLE_DEVICES=0
SANDER=/software/amber/22/ucdhpc-20.04/bin/sander
SED=/bin/sed
 set -$_mlshdbg;
 set -$_mlshdbg;
SETUPTOOLS_USE_DISTUTILS=stdlib
 set +v;
 set +v;
 set +vx;
 set +vx;
 set +x;
 set +x;
SHELL=/bin/bash
SHLVL=1
SIM_NAME=ParGaMD
SLURM_CLUSTER_NAME=hpc2
SLURM_CONF=/software/slurm/23.02.7/ucdhpc-20.04/etc/slurm.conf
SLURM_CPUS_ON_NODE=2
SLURMD_NODENAME=sapphire-1
SLURM_GPUS_ON_NODE=1
SLURM_GTIDS=0
SLURM_JOB_ACCOUNT=ahnlab
SLURM_JOB_CPUS_PER_NODE=2
SLURM_JOB_END_TIME=1738235027
SLURM_JOB_GID=2211384
SLURM_JOB_GPUS=0
SLURM_JOB_ID=680571
SLURM_JOBID=680571
SLURM_JOB_NAME=mps_check
SLURM_JOB_NODELIST=sapphire-1
SLURM_JOB_NUM_NODES=1
SLURM_JOB_PARTITION=gpu-ahn
SLURM_JOB_QOS=normal
SLURM_JOB_START_TIME=1738199027
SLURM_JOB_UID=2211384
SLURM_JOB_USER=sontisid
SLURM_LOCALID=0
SLURM_MEM_PER_CPU=2000
SLURM_NNODES=1
SLURM_NODE_ALIASES=(null)
SLURM_NODEID=0
SLURM_NODELIST=sapphire-1
SLURM_NPROCS=1
SLURM_NTASKS=1
SLURM_NTASKS_PER_NODE=1
SLURM_PRIO_PROCESS=0
SLURM_PROCID=0
SLURM_SUBMIT_DIR=/home/sontisid/ParGaMD_MP/ParGaMD
SLURM_SUBMIT_HOST=hpc2
SLURM_TASK_PID=3833880
SLURM_TASKS_PER_NODE=1
SLURM_TOPOLOGY_ADDR_PATTERN=node
SLURM_TOPOLOGY_ADDR=sapphire-1
SLURM_WORKING_CLUSTER=hpc2:apo:6817:9984:109
SORT=/usr/bin/sort
SSH_CLIENT=169.237.204.4 60932 22
SSH_CONNECTION=169.237.204.4 60932 169.237.166.103 22
SSH_TTY=/dev/pts/28
SUMO_HOME=/usr/share/sumo
TAR=/bin/tar
TERM=xterm-256color
TMPDIR=/tmp
TR=/usr/bin/tr
UNIQ=/usr/bin/uniq
 unset IFS;
 unset IFS;
 unset _mlre _mlIFS;
 unset _mlre _mlIFS;
 unset _mlre _mlv _mlrv _mlIFS;
 unset _mlre _mlv _mlrv _mlIFS;
 unset _mlshdbg;
 unset _mlshdbg;
USE_LOCAL_SCRATCH=1
USER=sontisid
_=/usr/bin/env
 *v*)
 *v*)
 *v*x*)
 *v*x*)
WEST_SIM_ROOT=/home/sontisid/ParGaMD_MP/ParGaMD
WM_ZMQ_MASTER_HEARTBEAT=100
WM_ZMQ_TIMEOUT_FACTOR=300
WM_ZMQ_WORKER_HEARTBEAT=100
 *x*)
 *x*)
XDG_DATA_DIRS=/usr/local/share:/usr/share:/var/lib/snapd/desktop
ZE_AFFINITY_MASK=0
ZSH=/bin/zsh
== server info file /home/sontisid/ParGaMD_MP/ParGaMD/west_zmq_info.json ==
{"rr_endpoint": "tcp://sapphire-1:57739", "ann_endpoint": "tcp://sapphire-1:60723"}simulation ParGaMD root is /home/sontisid/ParGaMD_MP/ParGaMD
starting WEST client processes on: 
sapphire-1
current directory is /home/sontisid/ParGaMD_MP/ParGaMD
environment is: 
 *)
 *)
 ;;
 ;;
 ;;
 ;;
 ;;
 ;;
 ;;
 ;;
}
}
}
AMBERHOME=/software/amber/22/ucdhpc-20.04
AWK=/usr/bin/awk
BASH=/bin/bash
BASH_ENV=/software/modules/4.6.1/ucdhpc-20.04//init/bash
BASH_FUNC_ml%%=() {  module ml "$@"
BASH_FUNC__module_raw%%=() {  unset _mlshdbg;
BASH_FUNC_module%%=() {  unset _mlshdbg;
 case "$-" in 
 case "$-" in 
CAT=/bin/cat
_CE_CONDA=
_CE_M=
CONDA_DEFAULT_ENV=westpa-2.0
CONDA_EXE=/share/software/conda3/4.13.0/bin/conda
CONDA_MOD_ROOT=/software/conda3/4.X/
CONDA_PREFIX=/home/sontisid/.conda/envs/westpa-2.0
CONDA_PROMPT_MODIFIER=(westpa-2.0) 
CONDA_PYTHON_EXE=/share/software/conda3/4.13.0/bin/python
CONDA_SHLVL=1
CPATH_modshare=/software/openmpi/4.1.5/ucdhpc-20.04/include:1:/software/cuda/11.8.0/ucdhpc-20.04/include:1
CPATH=/software/openmpi/4.1.5/ucdhpc-20.04/include:/software/cuda/11.8.0/ucdhpc-20.04/include
CP=/bin/cp
CPPTRAJ=/software/amber/22/ucdhpc-20.04/bin/cpptraj
CUDA_HOME=/software/cuda/11.8.0/ucdhpc-20.04
CUDA_VISIBLE_DEVICES=0
CUT=/usr/bin/cut
DATE=/bin/date
 do
 do
 done;
 done;
ECHO=/bin/echo
 else
 else
 else
 else
ENVIRONMENT=BATCH
ENV=/software/modules/4.6.1/ucdhpc-20.04//init/profile.sh
 esac;
 esac;
 eval `eval ${_mlre} /usr/bin/tclsh /software/modules/4.6.1/ucdhpc-20.04/libexec/modulecmd.tcl bash '"$@"'`;
 eval `eval ${_mlre} /usr/bin/tclsh /software/modules/4.6.1/ucdhpc-20.04/libexec/modulecmd.tcl bash '"$@"'`;
 eval `/usr/bin/tclsh /software/modules/4.6.1/ucdhpc-20.04/libexec/modulecmd.tcl bash "$@"`;
 eval `/usr/bin/tclsh /software/modules/4.6.1/ucdhpc-20.04/libexec/modulecmd.tcl bash "$@"`;
 fi;
 fi;
 fi;
 fi;
 fi;
 fi;
 fi;
 fi;
 fi;
 fi;
 fi;
 fi;
 fi;
 fi;
 for _mlv in ${MODULES_RUN_QUARANTINE:-};
 for _mlv in ${MODULES_RUN_QUARANTINE:-};
GPU_DEVICE_ORDINAL=0
GREP=/bin/grep
HEAD=/usr/bin/head
HOME=/home/sontisid
HOSTNAME=sapphire-1
 if [ "${_mlv}" = "${_mlv##*[!A-Za-z0-9_]}" -a "${_mlv}" = "${_mlv#[0-9]}" ]; then
 if [ "${_mlv}" = "${_mlv##*[!A-Za-z0-9_]}" -a "${_mlv}" = "${_mlv#[0-9]}" ]; then
 if [ "${MODULES_SILENT_SHELL_DEBUG:-0}" = '1' ]; then
 if [ "${MODULES_SILENT_SHELL_DEBUG:-0}" = '1' ]; then
IFCONFIG=/bin/ifconfig
 if [ -n "${IFS+x}" ]; then
 if [ -n "${IFS+x}" ]; then
 if [ -n "${_mlIFS+x}" ]; then
 if [ -n "${_mlIFS+x}" ]; then
 if [ -n "${_mlre:-}" ]; then
 if [ -n "${_mlre:-}" ]; then
 if [ -n "${_mlshdbg:-}" ]; then
 if [ -n "${_mlshdbg:-}" ]; then
 if [ -n "`eval 'echo ${'$_mlv'+x}'`" ]; then
 if [ -n "`eval 'echo ${'$_mlv'+x}'`" ]; then
 IFS=' ';
 IFS=' ';
 IFS=$_mlIFS;
 IFS=$_mlIFS;
LANG=en_US.UTF-8
LD_LIBRARY_PATH_modshare=/software/ucx/1.14.1/ucdhpc-20.04/lib:1:/software/libevent/2.1.12-stable/ucdhpc-20.04/lib:1:/software/hwloc/2.9.3/ucdhpc-20.04/lib:1:/software/cuda/11.8.0/ucdhpc-20.04/lib64/stubs:1:/software/cuda/11.8.0/ucdhpc-20.04/lib64:1:/software/openmpi/4.1.5/ucdhpc-20.04/lib:1:/software/pmix/4.2.6/ucdhpc-20.04/lib:1
LD_LIBRARY_PATH=/software/amber/22/ucdhpc-20.04/lib:/software/amber/22/ucdhpc-20.04/lib:/software/amber/22/ucdhpc-20.04/lib:/software/openmpi/4.1.5/ucdhpc-20.04/lib:/software/pmix/4.2.6/ucdhpc-20.04/lib:/software/ucx/1.14.1/ucdhpc-20.04/lib:/software/libevent/2.1.12-stable/ucdhpc-20.04/lib:/software/hwloc/2.9.3/ucdhpc-20.04/lib:/software/cuda/11.8.0/ucdhpc-20.04/lib64/stubs:/software/cuda/11.8.0/ucdhpc-20.04/lib64
_LMFILES__modshare=/software/modules/4.6.1/ucdhpc-20.04/modulefiles/cuda/11.8.0:1:/software/modules/4.6.1/ucdhpc-20.04/modulefiles/hwloc/2.9.3:1:/software/modules/4.6.1/ucdhpc-20.04/modulefiles/libevent/2.1.12-stable:1:/software/modules/4.6.1/ucdhpc-20.04/modulefiles/ucx/1.14.1:1:/software/modules/4.6.1/ucdhpc-20.04/modulefiles/amber/22:1:/software/modules/4.6.1/ucdhpc-20.04/modulefiles/slurm/23.02.7:1:/software/modules/4.6.1/ucdhpc-20.04/modulefiles/conda3/4.X:1:/software/modules/4.6.1/ucdhpc-20.04/modulefiles/pmix/4.2.6:1:/software/modules/4.6.1/ucdhpc-20.04/modulefiles/openmpi/4.1.5:1
_LMFILES_=/software/modules/4.6.1/ucdhpc-20.04/modulefiles/cuda/11.8.0:/software/modules/4.6.1/ucdhpc-20.04/modulefiles/slurm/23.02.7:/software/modules/4.6.1/ucdhpc-20.04/modulefiles/hwloc/2.9.3:/software/modules/4.6.1/ucdhpc-20.04/modulefiles/libevent/2.1.12-stable:/software/modules/4.6.1/ucdhpc-20.04/modulefiles/ucx/1.14.1:/software/modules/4.6.1/ucdhpc-20.04/modulefiles/pmix/4.2.6:/software/modules/4.6.1/ucdhpc-20.04/modulefiles/openmpi/4.1.5:/software/modules/4.6.1/ucdhpc-20.04/modulefiles/amber/22:/software/modules/4.6.1/ucdhpc-20.04/modulefiles/conda3/4.X
LN=/bin/ln
LOADEDMODULES=cuda/11.8.0:slurm/23.02.7:hwloc/2.9.3:libevent/2.1.12-stable:ucx/1.14.1:pmix/4.2.6:openmpi/4.1.5:amber/22:conda3/4.X
LOADEDMODULES_modshare=slurm/23.02.7:1:conda3/4.X:1:pmix/4.2.6:1:openmpi/4.1.5:1:cuda/11.8.0:1:hwloc/2.9.3:1:libevent/2.1.12-stable:1:ucx/1.14.1:1:amber/22:1
LOGNAME=sontisid
MANPATH_modshare=:1:/software/slurm/23.02.7/ucdhpc-20.04/share/man:1:/software/openmpi/4.1.5/ucdhpc-20.04/share/man:1:/software/conda3/4.X/share/man:1:/opt/puppetlabs/puppet/share/man:1
MANPATH=/software/conda3/4.X/share/man:/software/openmpi/4.1.5/ucdhpc-20.04/share/man:/software/slurm/23.02.7/ucdhpc-20.04/share/man:::/opt/puppetlabs/puppet/share/man
MKDIR=/bin/mkdir
 _mlIFS=$IFS;
 _mlIFS=$IFS;
 _mlre="${_mlre:-}${_mlv}='`eval 'echo ${'$_mlrv':-}'`' ";
 _mlre="${_mlre:-}${_mlv}='`eval 'echo ${'$_mlrv':-}'`' ";
 _mlre="${_mlre:-}${_mlv}_modquar='`eval 'echo ${'$_mlv'}'`' ";
 _mlre="${_mlre:-}${_mlv}_modquar='`eval 'echo ${'$_mlv'}'`' ";
 _mlrv="MODULES_RUNENV_${_mlv}";
 _mlrv="MODULES_RUNENV_${_mlv}";
 _mlshdbg=''
 _mlshdbg=''
 _mlshdbg='v'
 _mlshdbg='v'
 _mlshdbg='vx'
 _mlshdbg='vx'
 _mlshdbg='x'
 _mlshdbg='x'
 _mlstatus=$?;
 _mlstatus=$?;
MODULEPATH_modshare=/software/modules/4.6.1/ucdhpc-20.04/modulefiles:1
MODULEPATH=/software/modules/4.6.1/ucdhpc-20.04/modulefiles
MODULES_CMD=/software/modules/4.6.1/ucdhpc-20.04/libexec/modulecmd.tcl
MODULESHOME=/software/modules/4.6.1/ucdhpc-20.04/
MODULES_LMALTNAME_modshare=openmpi/4.1.5&openmpi/default&openmpi:1:slurm/23.02.7&slurm/default&slurm:1
MODULES_LMALTNAME=slurm/23.02.7&slurm/default&slurm:openmpi/4.1.5&openmpi/default&openmpi
MODULES_LMCONFLICT_modshare=openmpi/4.1.5&openmpi:1
MODULES_LMCONFLICT=openmpi/4.1.5&openmpi
MODULES_LMNOTUASKED=cuda/11.8.0:hwloc/2.9.3:libevent/2.1.12-stable:ucx/1.14.1:pmix/4.2.6
MODULES_LMNOTUASKED_modshare=pmix/4.2.6:1:cuda/11.8.0:1:hwloc/2.9.3:1:libevent/2.1.12-stable:1:ucx/1.14.1:1
MODULES_LMPREREQ_modshare=slurm/23.02.7&cuda/11.8.0:1:openmpi/4.1.5&hwloc/2.9.3&libevent/2.1.12-stable&ucx/1.14.1&pmix/4.2.6:1:amber/22&cuda/11.8.0:1
MODULES_LMPREREQ=slurm/23.02.7&cuda/11.8.0:openmpi/4.1.5&hwloc/2.9.3&libevent/2.1.12-stable&ucx/1.14.1&pmix/4.2.6:amber/22&cuda/11.8.0
MODULES_LMSOURCESH=conda3/4.X&bash /software/conda3/4.X//shell-setup.bash|set-function __conda_activate {}|set-function __conda_exe {}|set-function __conda_hashr {}|set-function __conda_reactivate {}|set-function conda {}|setenv _CE_CONDA {}|setenv _CE_M {}|setenv CONDA_EXE /share/software/conda3/4.13.0/bin/conda|setenv CONDA_PYTHON_EXE /share/software/conda3/4.13.0/bin/python|setenv CONDA_SHLVL 0
MODULES_LMSOURCESH_modshare=conda3/4.X&bash /software/conda3/4.X//shell-setup.bash|set-function __conda_activate {}|set-function __conda_exe {}|set-function __conda_hashr {}|set-function __conda_reactivate {}|set-function conda {}|setenv _CE_CONDA {}|setenv _CE_M {}|setenv CONDA_EXE /share/software/conda3/4.13.0/bin/conda|setenv CONDA_PYTHON_EXE /share/software/conda3/4.13.0/bin/python|setenv CONDA_SHLVL 0:1
MOTD_SHOWN=pam
MPI_ROOT=/software/openmpi/4.1.5/ucdhpc-20.04
NODELOC=/home/sontisid/ParGaMD_MP/ParGaMD
OLDPWD=/home/sontisid/ParGaMD_MP/ParGaMD
OPENMPI_HOME=/software/openmpi/4.1.5/ucdhpc-20.04
OPENMPI_ROOT=/software/openmpi/4.1.5/ucdhpc-20.04
OPENMPI_VERSION=4.1.5
PASTE=/usr/bin/paste
PATH_modshare=/usr/bin:1:/software/amber/22/ucdhpc-20.04/bin:1:/software/cuda/11.8.0/ucdhpc-20.04/bin:1:/usr/local/bin:1:/software/slurm/23.02.7/ucdhpc-20.04/bin:1:/software/openmpi/4.1.5/ucdhpc-20.04/bin:1:/software/hwloc/2.9.3/ucdhpc-20.04/bin:1:/software/modules/4.6.1/ucdhpc-20.04//bin:1:/software/conda3/4.X/condabin:1:/software/slurm/23.02.7/ucdhpc-20.04/sbin:1:/bin:1:/opt/puppetlabs/bin:1:/snap/bin:1:/software/conda3/4.X/bin:1:/sbin:1:/usr/sbin:1:/usr/games:1:/usr/local/sbin:1:/usr/local/games:1
PATH=/software/amber/22/ucdhpc-20.04/bin:/software/modules/4.6.1/ucdhpc-20.04//bin:/software/amber/22/ucdhpc-20.04/bin:/home/sontisid/.conda/envs/westpa-2.0/bin:/software/conda3/4.X/condabin:/software/conda3/4.X/bin:/software/amber/22/ucdhpc-20.04/bin:/software/openmpi/4.1.5/ucdhpc-20.04/bin:/software/hwloc/2.9.3/ucdhpc-20.04/bin:/software/slurm/23.02.7/ucdhpc-20.04/sbin:/software/slurm/23.02.7/ucdhpc-20.04/bin:/software/cuda/11.8.0/ucdhpc-20.04/bin:/software/modules/4.6.1/ucdhpc-20.04/bin:/usr/local/sbin:/usr/local/bin:/usr/sbin:/usr/bin:/sbin:/bin:/usr/games:/usr/local/games:/snap/bin:/opt/puppetlabs/bin:/home/sontisid/bin:/home/sontisid/bin
PERL5LIB=/software/amber/22/ucdhpc-20.04/lib/perl:/software/amber/22/ucdhpc-20.04/lib/perl:/software/amber/22/ucdhpc-20.04/lib/perl
PERL=/usr/bin/perl
PMEMD=/software/amber/22/ucdhpc-20.04/bin/pmemd.cuda
PWD=/home/sontisid/ParGaMD_MP/ParGaMD
PYTHONPATH=/software/amber/22/ucdhpc-20.04/lib/python3.11/site-packages:/software/amber/22/ucdhpc-20.04/lib/python3.11/site-packages:/software/amber/22/ucdhpc-20.04/lib/python3.11/site-packages
QUICK_BASIS=/software/amber/22/ucdhpc-20.04/AmberTools/src/quick/basis
 return $_mlstatus
 return $_mlstatus
RM=/bin/rm
ROCR_VISIBLE_DEVICES=0
SANDER=/software/amber/22/ucdhpc-20.04/bin/sander
SED=/bin/sed
 set -$_mlshdbg;
 set -$_mlshdbg;
SETUPTOOLS_USE_DISTUTILS=stdlib
 set +v;
 set +v;
 set +vx;
 set +vx;
 set +x;
 set +x;
SHELL=/bin/bash
SHLVL=1
SIM_NAME=ParGaMD
SLURM_CLUSTER_NAME=hpc2
SLURM_CONF=/software/slurm/23.02.7/ucdhpc-20.04/etc/slurm.conf
SLURM_CPUS_ON_NODE=2
SLURMD_NODENAME=sapphire-1
SLURM_GPUS_ON_NODE=1
SLURM_GTIDS=0
SLURM_JOB_ACCOUNT=ahnlab
SLURM_JOB_CPUS_PER_NODE=2
SLURM_JOB_END_TIME=1738235027
SLURM_JOB_GID=2211384
SLURM_JOB_GPUS=0
SLURM_JOB_ID=680571
SLURM_JOBID=680571
SLURM_JOB_NAME=mps_check
SLURM_JOB_NODELIST=sapphire-1
SLURM_JOB_NUM_NODES=1
SLURM_JOB_PARTITION=gpu-ahn
SLURM_JOB_QOS=normal
SLURM_JOB_START_TIME=1738199027
SLURM_JOB_UID=2211384
SLURM_JOB_USER=sontisid
SLURM_LOCALID=0
SLURM_MEM_PER_CPU=2000
SLURM_NNODES=1
SLURM_NODE_ALIASES=(null)
SLURM_NODEID=0
SLURM_NODELIST=sapphire-1
SLURM_NODENAME=sapphire-1
SLURM_NPROCS=1
SLURM_NTASKS=1
SLURM_NTASKS_PER_NODE=1
SLURM_PRIO_PROCESS=0
SLURM_PROCID=0
SLURM_SUBMIT_DIR=/home/sontisid/ParGaMD_MP/ParGaMD
SLURM_SUBMIT_HOST=hpc2
SLURM_TASK_PID=3833880
SLURM_TASKS_PER_NODE=1
SLURM_TOPOLOGY_ADDR_PATTERN=node
SLURM_TOPOLOGY_ADDR=sapphire-1
SLURM_WORKING_CLUSTER=hpc2:apo:6817:9984:109
SORT=/usr/bin/sort
SSH_CLIENT=169.237.204.4 60932 22
SSH_CONNECTION=169.237.204.4 60932 169.237.166.103 22
SSH_TTY=/dev/pts/28
SUMO_HOME=/usr/share/sumo
TAR=/bin/tar
TERM=xterm-256color
TMPDIR=/tmp
TR=/usr/bin/tr
UNIQ=/usr/bin/uniq
 unset IFS;
 unset IFS;
 unset _mlre _mlIFS;
 unset _mlre _mlIFS;
 unset _mlre _mlv _mlrv _mlIFS;
 unset _mlre _mlv _mlrv _mlIFS;
 unset _mlshdbg;
 unset _mlshdbg;
USE_LOCAL_SCRATCH=1
USER=sontisid
_=/usr/bin/env
 *v*)
 *v*)
 *v*x*)
 *v*x*)
WEST_JOBID=680571
WEST_SIM_ROOT=/home/sontisid/ParGaMD_MP/ParGaMD
WM_ZMQ_MASTER_HEARTBEAT=100
WM_ZMQ_TIMEOUT_FACTOR=300
WM_ZMQ_WORKER_HEARTBEAT=100
 *x*)
 *x*)
XDG_DATA_DIRS=/usr/local/share:/usr/share:/var/lib/snapd/desktop
ZE_AFFINITY_MASK=0
ZSH=/bin/zsh
CUDA_VISIBLE_DEVICES =  0
